PUBLIC ABSTRACT CLASS IDENTIFIER OPENING_BRACE
PUBLIC IDENTIFIER OPENING_PAREN CLOSING_PAREN OPENING_BRACE CLOSING_BRACE
PUBLIC ABSTRACT INT IDENTIFIER OPENING_PAREN CLOSING_PAREN SEMI_COLON
CLOSING_BRACE EOF
