PUBLIC CLASS IDENTIFIER OPENING_BRACE
PUBLIC IDENTIFIER OPENING_PAREN CLOSING_PAREN OPENING_BRACE CLOSING_BRACE
PUBLIC VOID IDENTIFIER OPENING_PAREN CLOSING_PAREN OPENING_BRACE
INT IDENTIFIER ASSIGNMENT INTEGER SEMI_COLON
IDENTIFIER ASSIGNMENT IDENTIFIER PLUS INTEGER SEMI_COLON
INT IDENTIFIER ASSIGNMENT IDENTIFIER PLUS INTEGER SEMI_COLON
CLOSING_BRACE
CLOSING_BRACE EOF
