PUBLIC CLASS IDENTIFIER OPENING_BRACE
PUBLIC IDENTIFIER OPENING_PAREN CLOSING_PAREN OPENING_BRACE CLOSING_BRACE
PUBLIC INT IDENTIFIER OPENING_PAREN INT IDENTIFIER CLOSING_PAREN OPENING_BRACE
IF OPENING_PAREN IDENTIFIER BOOLEAN_EQUAL INTEGER CLOSING_PAREN
RETURN INTEGER SEMI_COLON
ELSE
RETURN INTEGER SEMI_COLON
CLOSING_BRACE
CLOSING_BRACE EOF
