PUBLIC CLASS IDENTIFIER OPENING_BRACE
RETURN INTEGER PLUS INTEGER ASTERISK INTEGER MINUS INTEGER SEMI_COLON
CLOSING_BRACE
EOF
