PUBLIC CLASS IDENTIFIER OPENING_BRACE
PUBLIC IDENTIFIER OPENING_PAREN CLOSING_PAREN OPENING_BRACE CLOSING_BRACE
PUBLIC INT IDENTIFIER OPENING_PAREN CLOSING_PAREN OPENING_BRACE
INT OPENING_BRACKET CLOSING_BRACKET IDENTIFIER ASSIGNMENT NEW INT OPENING_BRACKET INTEGER CLOSING_BRACKET SEMI_COLON
RETURN IDENTIFIER DOT IDENTIFIER SEMI_COLON
CLOSING_BRACE
CLOSING_BRACE EOF
