PUBLIC CLASS IDENTIFIER OPENING_BRACE
PUBLIC IDENTIFIER OPENING_PAREN CLOSING_PAREN OPENING_BRACE CLOSING_BRACE
PUBLIC VOID IDENTIFIER OPENING_PAREN CLOSING_PAREN OPENING_BRACE
IDENTIFIER DOT IDENTIFIER DOT IDENTIFIER DOT IDENTIFIER OPENING_PAREN CLOSING_PAREN SEMI_COLON
CLOSING_BRACE
CLOSING_BRACE EOF
