IMPORT IDENTIFIER DOT IDENTIFIER DOT IDENTIFIER SEMI_COLON
PUBLIC CLASS IDENTIFIER OPENING_BRACE
PUBLIC IDENTIFIER OPENING_PAREN CLOSING_PAREN OPENING_BRACE CLOSING_BRACE
PROTECTED IDENTIFIER IDENTIFIER SEMI_COLON
CLOSING_BRACE EOF
