MULTI_LINE_COMMENT
SINGLE_LINE_COMMENT
JAVADOC_COMMENT
PUBLIC CLASS IDENTIFIER OPENING_BRACE
PUBLIC IDENTIFIER OPENING_PAREN CLOSING_PAREN OPENING_BRACE CLOSING_BRACE
CLOSING_BRACE EOF
