PUBLIC CLASS IDENTIFIER OPENING_BRACE
PUBLIC IDENTIFIER OPENING_PAREN CLOSING_PAREN OPENING_BRACE CLOSING_BRACE
PUBLIC BOOLEAN IDENTIFIER OPENING_PAREN INT IDENTIFIER CLOSING_PAREN OPENING_BRACE
RETURN OPENING_PAREN IDENTIFIER LESS_THAN INTEGER CLOSING_PAREN AMPERSAND AMPERSAND OPENING_PAREN IDENTIFIER GREATER_THAN INTEGER CLOSING_PAREN AMPERSAND AMPERSAND OPENING_PAREN IDENTIFIER LESS_THAN_EQUAL INTEGER CLOSING_PAREN AMPERSAND AMPERSAND OPENING_PAREN IDENTIFIER GREATER_THAN_EQUAL INTEGER CLOSING_PAREN AMPERSAND AMPERSAND OPENING_PAREN IDENTIFIER BOOLEAN_EQUAL INTEGER CLOSING_PAREN AMPERSAND AMPERSAND OPENING_PAREN IDENTIFIER NOT_EQUAL INTEGER CLOSING_PAREN SEMI_COLON
CLOSING_BRACE
CLOSING_BRACE EOF
