PUBLIC CLASS IDENTIFIER OPENING_BRACE
PUBLIC IDENTIFIER OPENING_PAREN CLOSING_PAREN OPENING_BRACE CLOSING_BRACE
PUBLIC BOOLEAN IDENTIFIER OPENING_PAREN BOOLEAN IDENTIFIER CLOSING_PAREN OPENING_BRACE
RETURN OPENING_PAREN IDENTIFIER AMPERSAND TRUE CLOSING_PAREN PIPE NEGATE IDENTIFIER SEMI_COLON
CLOSING_BRACE
CLOSING_BRACE EOF
