PUBLIC CLASS IDENTIFIER OPENING_BRACE
PUBLIC IDENTIFIER OPENING_PAREN CLOSING_PAREN OPENING_BRACE CLOSING_BRACE
PUBLIC INT IDENTIFIER OPENING_PAREN IDENTIFIER DOT IDENTIFIER DOT IDENTIFIER IDENTIFIER CLOSING_PAREN OPENING_BRACE
RETURN IDENTIFIER DOT IDENTIFIER OPENING_PAREN CLOSING_PAREN SEMI_COLON
CLOSING_BRACE
CLOSING_BRACE EOF
