PUBLIC CLASS IDENTIFIER EXTENDS IDENTIFIER DOT IDENTIFIER DOT IDENTIFIER OPENING_BRACE
PUBLIC IDENTIFIER OPENING_PAREN CLOSING_PAREN OPENING_BRACE CLOSING_BRACE
CLOSING_BRACE EOF
