PUBLIC FINAL CLASS IDENTIFIER OPENING_BRACE
PUBLIC IDENTIFIER OPENING_PAREN CLOSING_PAREN OPENING_BRACE CLOSING_BRACE
CLOSING_BRACE
PUBLIC CLASS IDENTIFIER OPENING_BRACE
PUBLIC IDENTIFIER OPENING_PAREN CLOSING_PAREN OPENING_BRACE CLOSING_BRACE
PUBLIC FINAL INT IDENTIFIER OPENING_PAREN CLOSING_PAREN OPENING_BRACE
RETURN INTEGER SEMI_COLON
CLOSING_BRACE
CLOSING_BRACE EOF
