PUBLIC CLASS IDENTIFIER OPENING_BRACE
PUBLIC IDENTIFIER OPENING_PAREN CLOSING_PAREN OPENING_BRACE CLOSING_BRACE
PUBLIC INT IDENTIFIER OPENING_PAREN INT IDENTIFIER CLOSING_PAREN OPENING_BRACE
INT IDENTIFIER ASSIGNMENT INTEGER SEMI_COLON
FOR OPENING_PAREN INT IDENTIFIER ASSIGNMENT IDENTIFIER SEMI_COLON IDENTIFIER GREATER_THAN INTEGER SEMI_COLON IDENTIFIER ASSIGNMENT IDENTIFIER MINUS INTEGER CLOSING_PAREN IDENTIFIER ASSIGNMENT IDENTIFIER PLUS INTEGER SEMI_COLON
RETURN IDENTIFIER SEMI_COLON
CLOSING_BRACE
CLOSING_BRACE EOF
