PUBLIC CLASS IDENTIFIER OPENING_BRACE
PUBLIC IDENTIFIER OPENING_PAREN CLOSING_PAREN OPENING_BRACE CLOSING_BRACE
PUBLIC BOOLEAN IDENTIFIER OPENING_PAREN IDENTIFIER IDENTIFIER CLOSING_PAREN OPENING_BRACE
RETURN IDENTIFIER INSTANCEOF IDENTIFIER SEMI_COLON
CLOSING_BRACE
CLOSING_BRACE EOF
