PUBLIC CLASS IDENTIFIER OPENING_BRACE
PUBLIC INT IDENTIFIER OPENING_PAREN INT IDENTIFIER CLOSING_PAREN OPENING_BRACE
RETURN INTEGER SEMI_COLON
CLOSING_BRACE
PUBLIC INT IDENTIFIER OPENING_PAREN BOOLEAN IDENTIFIER CLOSING_PAREN OPENING_BRACE
RETURN INTEGER SEMI_COLON
CLOSING_BRACE
PUBLIC INT IDENTIFIER OPENING_PAREN CLOSING_PAREN OPENING_BRACE
RETURN THIS DOT IDENTIFIER OPENING_PAREN TRUE CLOSING_PAREN SEMI_COLON
CLOSING_BRACE
CLOSING_BRACE EOF
