PUBLIC CLASS IDENTIFIER OPENING_BRACE
PUBLIC IDENTIFIER OPENING_PAREN CLOSING_PAREN OPENING_BRACE CLOSING_BRACE
PUBLIC INT IDENTIFIER OPENING_PAREN CLOSING_PAREN OPENING_BRACE
INT IDENTIFIER ASSIGNMENT INTEGER SEMI_COLON
INT IDENTIFIER ASSIGNMENT INTEGER SEMI_COLON
OPENING_BRACE INT IDENTIFIER ASSIGNMENT IDENTIFIER PLUS IDENTIFIER SEMI_COLON
RETURN IDENTIFIER SEMI_COLON
CLOSING_BRACE
CLOSING_BRACE
CLOSING_BRACE EOF
