PUBLIC CLASS IDENTIFIER OPENING_BRACE
PUBLIC IDENTIFIER OPENING_PAREN CLOSING_PAREN OPENING_BRACE CLOSING_BRACE
PROTECTED IDENTIFIER IDENTIFIER ASSIGNMENT NULL_TOKEN SEMI_COLON
CLOSING_BRACE EOF
