PUBLIC INTERFACE IDENTIFIER OPENING_BRACE CLOSING_BRACE EOF
