PUBLIC CLASS IDENTIFIER OPENING_BRACE
PROTECTED STATIC INT IDENTIFIER SEMI_COLON
CLOSING_BRACE EOF
