PUBLIC CLASS IDENTIFIER OPENING_BRACE
BOOLEAN IDENTIFIER ASSIGNMENT TRUE SEMI_COLON
INT IDENTIFIER ASSIGNMENT INTEGER SEMI_COLON
CHAR IDENTIFIER ASSIGNMENT CHAR_LITERAL SEMI_COLON
BYTE IDENTIFIER SEMI_COLON
SHORT IDENTIFIER SEMI_COLON
ARRAY IDENTIFIER SEMI_COLON
CLOSING_BRACE