PUBLIC CLASS IDENTIFIER OPENING_BRACE
PUBLIC IDENTIFIER OPENING_PAREN CLOSING_PAREN OPENING_BRACE CLOSING_BRACE
PUBLIC INT IDENTIFIER OPENING_PAREN INT IDENTIFIER CLOSING_PAREN OPENING_BRACE
WHILE OPENING_PAREN IDENTIFIER GREATER_THAN INTEGER CLOSING_PAREN IDENTIFIER ASSIGNMENT IDENTIFIER MINUS INTEGER SEMI_COLON
RETURN IDENTIFIER SEMI_COLON
CLOSING_BRACE
CLOSING_BRACE EOF
